// Jest Snapshot v1, https://goo.gl/fbAQLP

exports[`components => Modal should render Modal component 1`] = `
<div
  className="overlay"
  onClick={[Function]}
>
  <div
    className="modal"
  >
    <div
      className="modal__heading"
    >
      <h3
        className="modal__title"
      />
      <button
        className="modal__close"
        onClick={[Function]}
      >
        â•³
      </button>
    </div>
  </div>
</div>
`;
